<div id="test" class="test"><span id="data">data</span></div>